=== .claude-plugin/marketplace.json ===
{
  "name": "podium",
  "plugins": [
    {
      "name": "hello",
      "source": "./plugins/team/hello",
      "x-podium-id": "team/hello"
    },
    {
      "name": "reviewer",
      "source": "./plugins/team/reviewer",
      "x-podium-id": "team/reviewer"
    },
    {
      "name": "deploy",
      "source": "./plugins/team/deploy",
      "x-podium-id": "team/deploy"
    },
    {
      "name": "tabs-always",
      "source": "./plugins/team/tabs-always",
      "x-podium-id": "team/tabs-always"
    },
    {
      "name": "ts-glob",
      "source": "./plugins/team/ts-glob",
      "x-podium-id": "team/ts-glob"
    },
    {
      "name": "ts-auto",
      "source": "./plugins/team/ts-auto",
      "x-podium-id": "team/ts-auto"
    },
    {
      "name": "deep-review",
      "source": "./plugins/team/deep-review",
      "x-podium-id": "team/deep-review"
    },
    {
      "name": "notify",
      "source": "./plugins/team/notify",
      "x-podium-id": "team/notify"
    },
    {
      "name": "guard",
      "source": "./plugins/team/guard",
      "x-podium-id": "team/guard"
    },
    {
      "name": "warehouse",
      "source": "./plugins/team/warehouse",
      "x-podium-id": "team/warehouse"
    }
  ]
}

=== .podium/context/team/glossary/ARTIFACT.md ===
---
type: context
version: 1.0.0
description: Company glossary.
---

ARR means annual recurring revenue.

=== plugins/team/deep-review/.claude-plugin/plugin.json ===
{"name":"deep-review"}

=== plugins/team/deep-review/skills/deep-review/SKILL.md ===
---
name: deep-review
description: Project rule shipped as a Claude Cowork skill.
---

Perform a deep architectural review when invoked.

=== plugins/team/deploy/.claude-plugin/plugin.json ===
{"name":"deploy"}

=== plugins/team/deploy/commands/deploy.md ===
---
type: command
version: 1.0.0
description: Deploy the service.
---

Run the deploy pipeline for the named environment.

=== plugins/team/guard/.claude-plugin/plugin.json ===
{"name":"guard"}

=== plugins/team/guard/hooks/hooks.json ===
{
  "hooks": {
    "PreToolUse": [
      {
        "hooks": [
          {
            "command": "./scripts/guard.sh",
            "type": "command"
          }
        ],
        "x-podium-id": "team/guard"
      }
    ]
  }
}

=== plugins/team/hello/.claude-plugin/plugin.json ===
{"name":"hello"}

=== plugins/team/hello/skills/hello/SKILL.md ===
---
name: hello
description: Greet a teammate warmly by name.
---

Say hello to the person and offer help.

=== plugins/team/hello/skills/hello/scripts/run.py ===
print('hello')

=== plugins/team/notify/.claude-plugin/plugin.json ===
{"name":"notify"}

=== plugins/team/notify/hooks/hooks.json ===
{
  "hooks": {
    "Stop": [
      {
        "hooks": [
          {
            "command": "echo done",
            "type": "command"
          }
        ],
        "x-podium-id": "team/notify"
      }
    ]
  }
}

=== plugins/team/reviewer/.claude-plugin/plugin.json ===
{"name":"reviewer"}

=== plugins/team/reviewer/agents/reviewer.md ===
---
type: agent
version: 1.0.0
description: Reviews pull requests for bugs.
---

Review the diff and report defects.

=== plugins/team/tabs-always/.claude-plugin/plugin.json ===
{"name":"tabs-always"}

=== plugins/team/tabs-always/skills/tabs-always/SKILL.md ===
---
name: tabs-always
description: Project rule shipped as a Claude Cowork skill.
---

Indent with tabs, not spaces.

=== plugins/team/ts-auto/.claude-plugin/plugin.json ===
{"name":"ts-auto"}

=== plugins/team/ts-auto/skills/ts-auto/SKILL.md ===
---
name: ts-auto
description: Apply when editing TypeScript.
---

Prefer interfaces over type aliases.

=== plugins/team/ts-glob/.claude-plugin/plugin.json ===
{"name":"ts-glob"}

=== plugins/team/ts-glob/skills/ts-glob/SKILL.md ===
---
name: ts-glob
description: Project rule shipped as a Claude Cowork skill.
---

Enable strict type-checking in TypeScript files.

=== plugins/team/warehouse/.claude-plugin/plugin.json ===
{"name":"warehouse"}

=== plugins/team/warehouse/.mcp.json ===
{
  "mcpServers": {
    "warehouse": {
      "args": [
        "@acme/warehouse-mcp"
      ],
      "command": "npx",
      "x-podium-id": "team/warehouse"
    }
  }
}

